[INFO] [1786078943.044544780] [repro_monitor]: 감시 시작: /aft_mapped_to_init → /home/hyo/fastlio_ws/results/repro/base_3
[INFO] [1786079018.539650378] [repro_monitor]:   처리 프레임 500
[INFO] [1786079084.482362996] [repro_monitor]:   처리 프레임 1000
[INFO] [1786079151.631240336] [repro_monitor]:   처리 프레임 1500
[INFO] [1786079218.956440683] [repro_monitor]:   처리 프레임 2000
[INFO] [1786079286.798420152] [repro_monitor]:   처리 프레임 2500
[INFO] [1786079353.236279410] [repro_monitor]:   처리 프레임 3000
[INFO] [1786079419.778567819] [repro_monitor]:   처리 프레임 3500
[INFO] [1786079485.426165305] [repro_monitor]:   처리 프레임 4000
[INFO] [1786079551.472770118] [repro_monitor]:   처리 프레임 4500
[INFO] [1786079618.509558158] [repro_monitor]:   처리 프레임 5000
[INFO] [1786079685.642659250] [repro_monitor]:   처리 프레임 5500
[INFO] [1786079753.517747747] [repro_monitor]:   처리 프레임 6000
[INFO] [1786079819.688492455] [repro_monitor]:   처리 프레임 6500

[repro_monitor] 저장 완료
{
  "odom_frames": 6616,
  "traj_points": 6616,
  "path_length_m": 264.88,
  "start_end_dist_m": 61.075,
  "start_end_dist_xy_m": 60.934,
  "wall_span_s": 884.1,
  "cpu_mean_percent": 5.2,
  "cpu_max_percent": 18.6,
  "cpu_samples": 913,
  "stall_count_gt_1s": 1,
  "stalls": [
    {
      "index": 1829,
      "gap_s": 1.02
    }
  ]
}
